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




labuser@labuser-virtual-machine:~/test1$ git version
git version 2.34.1
labuser@labuser-virtual-machine:~/test1$ mkdir test
labuser@labuser-virtual-machine:~/test1$ cd test
labuser@labuser-virtual-machine:~/test1/test$ git init
hint: Using 'master' as the name for the initial branch. This default branch name
hint: is subject to change. To configure the initial branch name to use in all
hint: of your new repositories, which will suppress this warning, call:
hint: 
hint: 	git config --global init.defaultBranch <name>
hint: 
hint: Names commonly chosen instead of 'master' are 'main', 'trunk' and
hint: 'development'. The just-created branch can be renamed via this command:
hint: 
hint: 	git branch -m <name>
Initialized empty Git repository in /home/labuser/test1/test/.git/
labuser@labuser-virtual-machine:~/test1/test$ git init
Reinitialized existing Git repository in /home/labuser/test1/test/.git/
labuser@labuser-virtual-machine:~/test1/test$ echo "test" > test
labuser@labuser-virtual-machine:~/test1/test$ git status
On branch master

No commits yet

Untracked files:
  (use "git add <file>..." to include in what will be committed)
	test

nothing added to commit but untracked files present (use "git add" to track)
labuser@labuser-virtual-machine:~/test1/test$ git add .
labuser@labuser-virtual-machine:~/test1/test$ git commit -m "change"
[master (root-commit) 171fce5] change
 1 file changed, 1 insertion(+)
 create mode 100644 test
labuser@labuser-virtual-machine:~/test1/test$ git remote add origin https://github.com/Harshitha-dr01/practice-labs.git
labuser@labuser-virtual-machine:~/test1/test$ git remote -v
origin	https://github.com/Harshitha-dr01/practice-labs.git (fetch)
origin	https://github.com/Harshitha-dr01/practice-labs.git (push)
labuser@labuser-virtual-machine:~/test1/test$ git push -u origin master

